// Vitest Snapshot v1, https://vitest.dev/guide/snapshot.html

exports[`AddNewInput > renders the component 1`] = `
<DocumentFragment>
  <form
    class="border-2 border-black  rounded-3xl w-full flex overflow-hidden"
  >
    <input
      class="w-full py-2 px-4 outline-none"
      placeholder="Input Placeholder"
      value="test"
    />
    <button
      aria-label="Button Aria Label"
      type="submit"
    >
      <img
        class="h-10 w-10"
        src="/src/assets/btn-add.svg"
      />
    </button>
  </form>
</DocumentFragment>
`;
